INFO:backend.services.scrapers.base_scraper:[ValueJet] Initializing driver with UA: Mozilla/5.0 (Macintosh; Intel Mac OS X 10_15_7) AppleWebKit/537.36 (KHTML, like Gecko) Chrome/120.0.0.0 Safari/537.36
INFO:WDM:====== WebDriver manager ======
INFO:WDM:Get LATEST chromedriver version for google-chrome
INFO:WDM:Get LATEST chromedriver version for google-chrome
INFO:WDM:Driver [/Users/slime./.wdm/drivers/chromedriver/mac64/143.0.7499.192/chromedriver-mac-arm64/chromedriver] found in cache
INFO:backend.services.scrapers.valuejet:[ValueJet] Navigating to homepage: https://www.flyvaluejet.com
INFO:backend.services.scrapers.valuejet:[ValueJet] Waiting for page hydration...
INFO:backend.services.scrapers.valuejet:[ValueJet] Waiting for airport options to load...
INFO:backend.services.scrapers.valuejet:[ValueJet] Found 12 airport options
INFO:backend.services.scrapers.valuejet:[ValueJet]   Option:  - From
INFO:backend.services.scrapers.valuejet:[ValueJet]   Option: ABV - ABUJA (ABV)
INFO:backend.services.scrapers.valuejet:[ValueJet]   Option: BJL - BANJUL (BJL)
INFO:backend.services.scrapers.valuejet:[ValueJet]   Option: CBQ - CALABAR (CBQ)
INFO:backend.services.scrapers.valuejet:[ValueJet]   Option: COO - COTONOU (COO)
INFO:backend.services.scrapers.valuejet:[ValueJet] Selecting departure airport: LOS
INFO:backend.services.scrapers.valuejet:[ValueJet] Selected by value: LOS
INFO:backend.services.scrapers.valuejet:[ValueJet] Selecting arrival airport: ABV
INFO:backend.services.scrapers.valuejet:[ValueJet] Selected by value: ABV
INFO:backend.services.scrapers.valuejet:[ValueJet] Setting departure date: 2026-02-01
INFO:backend.services.scrapers.valuejet:[ValueJet] Attempting to set date: 01/02/2026 (Target Month: February 2026)
INFO:backend.services.scrapers.valuejet:[ValueJet] Calendar Title: 'January
2026' vs Target: 'February 2026'
WARNING:backend.services.scrapers.valuejet:[ValueJet] Navigation error: Message: element not interactable
  (Session info: chrome=143.0.7499.193); For documentation on this error, please visit: https://www.selenium.dev/documentation/webdriver/troubleshooting/errors#elementnotinteractableexception
Stacktrace:
0   chromedriver                        0x0000000102d13dfc cxxbridge1$str$ptr + 3031016
1   chromedriver                        0x0000000102d0bcb8 cxxbridge1$str$ptr + 2997924
2   chromedriver                        0x00000001028069f4 _RNvCsgXDX2mvAJAg_7___rustc35___rust_no_alloc_shim_is_unstable_v2 + 73780
3   chromedriver                        0x000000010284eaa4 _RNvCsgXDX2mvAJAg_7___rustc35___rust_no_alloc_shim_is_unstable_v2 + 368868
4   chromedriver                        0x0000000102843d64 _RNvCsgXDX2mvAJAg_7___rustc35___rust_no_alloc_shim_is_unstable_v2 + 324516
5   chromedriver                        0x0000000102843808 _RNvCsgXDX2mvAJAg_7___rustc35___rust_no_alloc_shim_is_unstable_v2 + 323144
6   chromedriver                        0x000000010288ea28 _RNvCsgXDX2mvAJAg_7___rustc35___rust_no_alloc_shim_is_unstable_v2 + 630888
7   chromedriver                        0x000000010284222c _RNvCsgXDX2mvAJAg_7___rustc35___rust_no_alloc_shim_is_unstable_v2 + 317548
8   chromedriver                        0x0000000102cd8194 cxxbridge1$str$ptr + 2786176
9   chromedriver                        0x0000000102cdb900 cxxbridge1$str$ptr + 2800364
10  chromedriver                        0x0000000102cb842c cxxbridge1$str$ptr + 2655768
11  chromedriver                        0x0000000102cdc170 cxxbridge1$str$ptr + 2802524
12  chromedriver                        0x0000000102ca8e10 cxxbridge1$str$ptr + 2592764
13  chromedriver                        0x0000000102cfb14c cxxbridge1$str$ptr + 2929464
14  chromedriver                        0x0000000102cfb2cc cxxbridge1$str$ptr + 2929848
15  chromedriver                        0x0000000102d0b910 cxxbridge1$str$ptr + 2996988
16  libsystem_pthread.dylib             0x0000000193231c08 _pthread_start + 136
17  libsystem_pthread.dylib             0x000000019322cba8 thread_start + 8

WARNING:backend.services.scrapers.valuejet:[ValueJet] UI date selection attempt 1 failed: Message: element click intercepted: Element <span class="p-disabled">...</span> is not clickable at point (1071, 287). Other element would receive the click: <td class="" data-pc-section="day">...</td>
  (Session info: chrome=143.0.7499.193); For documentation on this error, please visit: https://www.selenium.dev/documentation/webdriver/troubleshooting/errors#elementclickinterceptedexception
Stacktrace:
0   chromedriver                        0x0000000102d13dfc cxxbridge1$str$ptr + 3031016
1   chromedriver                        0x0000000102d0bcb8 cxxbridge1$str$ptr + 2997924
2   chromedriver                        0x0000000102806b90 _RNvCsgXDX2mvAJAg_7___rustc35___rust_no_alloc_shim_is_unstable_v2 + 74192
3   chromedriver                        0x0000000102853500 _RNvCsgXDX2mvAJAg_7___rustc35___rust_no_alloc_shim_is_unstable_v2 + 387904
4   chromedriver                        0x0000000102851ae0 _RNvCsgXDX2mvAJAg_7___rustc35___rust_no_alloc_shim_is_unstable_v2 + 381216
5   chromedriver                        0x000000010284f950 _RNvCsgXDX2mvAJAg_7___rustc35___rust_no_alloc_shim_is_unstable_v2 + 372624
6   chromedriver                        0x000000010284ed60 _RNvCsgXDX2mvAJAg_7___rustc35___rust_no_alloc_shim_is_unstable_v2 + 369568
7   chromedriver                        0x0000000102843d64 _RNvCsgXDX2mvAJAg_7___rustc35___rust_no_alloc_shim_is_unstable_v2 + 324516
8   chromedriver                        0x0000000102843808 _RNvCsgXDX2mvAJAg_7___rustc35___rust_no_alloc_shim_is_unstable_v2 + 323144
9   chromedriver                        0x000000010288ea28 _RNvCsgXDX2mvAJAg_7___rustc35___rust_no_alloc_shim_is_unstable_v2 + 630888
10  chromedriver                        0x000000010284222c _RNvCsgXDX2mvAJAg_7___rustc35___rust_no_alloc_shim_is_unstable_v2 + 317548
11  chromedriver                        0x0000000102cd8194 cxxbridge1$str$ptr + 2786176
12  chromedriver                        0x0000000102cdb900 cxxbridge1$str$ptr + 2800364
13  chromedriver                        0x0000000102cb842c cxxbridge1$str$ptr + 2655768
14  chromedriver                        0x0000000102cdc170 cxxbridge1$str$ptr + 2802524
15  chromedriver                        0x0000000102ca8e10 cxxbridge1$str$ptr + 2592764
16  chromedriver                        0x0000000102cfb14c cxxbridge1$str$ptr + 2929464
17  chromedriver                        0x0000000102cfb2cc cxxbridge1$str$ptr + 2929848
18  chromedriver                        0x0000000102d0b910 cxxbridge1$str$ptr + 2996988
19  libsystem_pthread.dylib             0x0000000193231c08 _pthread_start + 136
20  libsystem_pthread.dylib             0x000000019322cba8 thread_start + 8

INFO:backend.services.scrapers.valuejet:[ValueJet] Input value after UI: '' (Expected: '01/02/2026')
INFO:backend.services.scrapers.valuejet:[ValueJet] UI selection Validation Failed (Val: '', Error: True). Injecting via React Native Setter...
INFO:backend.services.scrapers.valuejet:[ValueJet] Input value after JS: '01/02/2026'
INFO:backend.services.scrapers.valuejet:[ValueJet] Clicking search button...
WARNING:backend.services.scrapers.valuejet:[ValueJet] Standard click failed, using JS click: Message: element click intercepted: Element <button data-testid="search-flights" type="button" class="w-full h-12 px-4 py-3 border border-transparent shadow-sm text-base font-medium rounded-md text-white bg-primary focus:outline-none focus:ring-2 focus:ring-offset-2 focus:ring-secondary">...</button> is not clickable at point (1463, 390). Other element would receive the click: <div class="p-datepicker-group" data-pc-section="group">...</div>
  (Session info: chrome=143.0.7499.193); For documentation on this error, please visit: https://www.selenium.dev/documentation/webdriver/troubleshooting/errors#elementclickinterceptedexception
Stacktrace:
0   chromedriver                        0x0000000102d13dfc cxxbridge1$str$ptr + 3031016
1   chromedriver                        0x0000000102d0bcb8 cxxbridge1$str$ptr + 2997924
2   chromedriver                        0x0000000102806b90 _RNvCsgXDX2mvAJAg_7___rustc35___rust_no_alloc_shim_is_unstable_v2 + 74192
3   chromedriver                        0x0000000102853500 _RNvCsgXDX2mvAJAg_7___rustc35___rust_no_alloc_shim_is_unstable_v2 + 387904
4   chromedriver                        0x0000000102851ae0 _RNvCsgXDX2mvAJAg_7___rustc35___rust_no_alloc_shim_is_unstable_v2 + 381216
5   chromedriver                        0x000000010284f950 _RNvCsgXDX2mvAJAg_7___rustc35___rust_no_alloc_shim_is_unstable_v2 + 372624
6   chromedriver                        0x000000010284ed60 _RNvCsgXDX2mvAJAg_7___rustc35___rust_no_alloc_shim_is_unstable_v2 + 369568
7   chromedriver                        0x0000000102843d64 _RNvCsgXDX2mvAJAg_7___rustc35___rust_no_alloc_shim_is_unstable_v2 + 324516
8   chromedriver                        0x0000000102843808 _RNvCsgXDX2mvAJAg_7___rustc35___rust_no_alloc_shim_is_unstable_v2 + 323144
9   chromedriver                        0x000000010288ea28 _RNvCsgXDX2mvAJAg_7___rustc35___rust_no_alloc_shim_is_unstable_v2 + 630888
10  chromedriver                        0x000000010284222c _RNvCsgXDX2mvAJAg_7___rustc35___rust_no_alloc_shim_is_unstable_v2 + 317548
11  chromedriver                        0x0000000102cd8194 cxxbridge1$str$ptr + 2786176
12  chromedriver                        0x0000000102cdb900 cxxbridge1$str$ptr + 2800364
13  chromedriver                        0x0000000102cb842c cxxbridge1$str$ptr + 2655768
14  chromedriver                        0x0000000102cdc170 cxxbridge1$str$ptr + 2802524
15  chromedriver                        0x0000000102ca8e10 cxxbridge1$str$ptr + 2592764
16  chromedriver                        0x0000000102cfb14c cxxbridge1$str$ptr + 2929464
17  chromedriver                        0x0000000102cfb2cc cxxbridge1$str$ptr + 2929848
18  chromedriver                        0x0000000102d0b910 cxxbridge1$str$ptr + 2996988
19  libsystem_pthread.dylib             0x0000000193231c08 _pthread_start + 136
20  libsystem_pthread.dylib             0x000000019322cba8 thread_start + 8

INFO:backend.services.scrapers.valuejet:[ValueJet] Waiting for results...
ERROR:backend.services.scrapers.valuejet:[ValueJet] Scraping failed: Message: 

Testing ValueJet Scraper: LOS -> ABV on 2026-02-01

Results found: 0
